15:22:55 **** Incremental Build of configuration Debug for project MS4525DO ****
make -j8 all 
arm-none-eabi-gcc "../Core/Src/MS4525DO.c" -mcpu=cortex-m3 -std=gnu11 -g3 -DDEBUG -DUSE_HAL_DRIVER -DSTM32F103xB -c -I../Core/Inc -I../Drivers/STM32F1xx_HAL_Driver/Inc/Legacy -I../Drivers/STM32F1xx_HAL_Driver/Inc -I../Drivers/CMSIS/Device/ST/STM32F1xx/Include -I../Drivers/CMSIS/Include -O0 -ffunction-sections -fdata-sections -Wall -fstack-usage -fcyclomatic-complexity -MMD -MP -MF"Core/Src/MS4525DO.d" -MT"Core/Src/MS4525DO.o" --specs=nano.specs -mfloat-abi=soft -mthumb -o "Core/Src/MS4525DO.o"
../Core/Src/MS4525DO.c: In function 'I2C_ManualBusReset':
../Core/Src/MS4525DO.c:85:5: warning: implicit declaration of function 'MX_I2C1_Init'; did you mean 'HAL_I2C_Init'? [-Wimplicit-function-declaration]
   85 |     MX_I2C1_Init();
      |     ^~~~~~~~~~~~
      |     HAL_I2C_Init
arm-none-eabi-gcc -o "MS4525DO.elf" @"objects.list"   -mcpu=cortex-m3 -T"C:\airspeed-can-transition\firmware\MS4525DO\MS4525DO\STM32F103C8TX_FLASH.ld" --specs=nosys.specs -Wl,-Map="MS4525DO.map" -Wl,--gc-sections -static --specs=nano.specs -mfloat-abi=soft -mthumb -Wl,--start-group -lc -lm -Wl,--end-group
Finished building target: MS4525DO.elf
 
arm-none-eabi-size  MS4525DO.elf 
arm-none-eabi-objdump -h -S MS4525DO.elf  > "MS4525DO.list"
   text	   data	    bss	    dec	    hex	filename
  15024	    104	   2104	  17232	   4350	MS4525DO.elf
Finished building: default.size.stdout
 
Finished building: MS4525DO.list
 
